layer at (0,0) size 800x600
  RenderView at (0,0) size 800x600
layer at (0,0) size 800x363
  RenderBlock {HTML} at (0,0) size 800x363
    RenderBody {BODY} at (8,8) size 784x339
      RenderBlock {DIV} at (0,0) size 784x339
        RenderBlock {DIV} at (0,0) size 784x39
          RenderButton {INPUT} at (2,2) size 199x36 [bgcolor=#FFFFFF] [border: (1px solid #4C4C4C)]
            RenderBlock (anonymous) at (6,3) size 187x29
              RenderBlock {DIV} at (0,0) size 186x28
                RenderBlock {DIV} at (0,0) size 186x0
                  RenderBlock {DIV} at (0,0) size 186x0
                RenderBlock {DIV} at (0,0) size 186x28
                  RenderBlock (anonymous) at (0,0) size 186x14
                    RenderInline {SPAN} at (0,0) size 169x14
                      RenderText {#text} at (0,0) size 169x14
                        text run at (0,0) width 169: "alternative presentation button title"
                  RenderBlock {DIV} at (0,14) size 186x14
                    RenderText {#text} at (0,0) size 186x14
                      text run at (0,0) width 186: "alternative presentation button subtitle"
          RenderText {#text} at (0,0) size 0x0
        RenderBlock {DIV} at (0,39) size 784x40
          RenderBlock (anonymous) at (0,0) size 784x0
            RenderInline {LABEL} at (0,0) size 0x0
          RenderBlock (anonymous) at (0,0) size 784x40
            RenderBlock {DIV} at (0,0) size 784x40
              RenderBlock {DIV} at (0,0) size 784x0
                RenderBlock {DIV} at (0,0) size 784x0
              RenderBlock {DIV} at (0,0) size 784x40
                RenderBlock (anonymous) at (0,0) size 784x20
                  RenderInline {SPAN} at (0,0) size 224x19
                    RenderText {#text} at (0,0) size 224x19
                      text run at (0,0) width 224: "alternative presentation button title"
                RenderBlock {DIV} at (0,20) size 784x20
                  RenderText {#text} at (0,0) size 246x19
                    text run at (0,0) width 246: "alternative presentation button subtitle"
          RenderBlock (anonymous) at (0,40) size 784x0
            RenderInline {LABEL} at (0,0) size 0x0
            RenderText {#text} at (0,0) size 0x0
            RenderText {#text} at (0,0) size 0x0
            RenderText {#text} at (0,0) size 0x0
            RenderText {#text} at (0,0) size 0x0
        RenderBlock {DIV} at (0,95) size 784x40
          RenderBlock {P} at (0,0) size 784x40
            RenderBlock {DIV} at (0,0) size 784x40
              RenderBlock {DIV} at (0,0) size 784x0
                RenderBlock {DIV} at (0,0) size 784x0
              RenderBlock {DIV} at (0,0) size 784x40
                RenderBlock (anonymous) at (0,0) size 784x20
                  RenderInline {SPAN} at (0,0) size 224x19
                    RenderText {#text} at (0,0) size 224x19
                      text run at (0,0) width 224: "alternative presentation button title"
                RenderBlock {DIV} at (0,20) size 784x20
                  RenderText {#text} at (0,0) size 246x19
                    text run at (0,0) width 246: "alternative presentation button subtitle"
        RenderBlock {DIV} at (0,151) size 784x40
          RenderBlock (anonymous) at (0,0) size 784x0
            RenderInline {LABEL} at (0,0) size 0x0
          RenderBlock (anonymous) at (0,0) size 784x40
            RenderBlock {DIV} at (0,0) size 784x40
              RenderBlock {DIV} at (0,0) size 784x0
                RenderBlock {DIV} at (0,0) size 784x0
              RenderBlock {DIV} at (0,0) size 784x40
                RenderBlock (anonymous) at (0,0) size 784x20
                  RenderInline {SPAN} at (0,0) size 224x19
                    RenderText {#text} at (0,0) size 224x19
                      text run at (0,0) width 224: "alternative presentation button title"
                RenderBlock {DIV} at (0,20) size 784x20
                  RenderText {#text} at (0,0) size 246x19
                    text run at (0,0) width 246: "alternative presentation button subtitle"
          RenderBlock (anonymous) at (0,40) size 784x0
            RenderInline {LABEL} at (0,0) size 0x0
            RenderText {#text} at (0,0) size 0x0
            RenderText {#text} at (0,0) size 0x0
        RenderBlock {DIV} at (0,191) size 784x46
          RenderTable {TABLE} at (0,0) size 252x46
            RenderTableSection {TBODY} at (0,0) size 252x46
              RenderTableRow {TR} at (0,2) size 252x42
                RenderTableCell {TD} at (2,2) size 248x42 [r=0 c=0 rs=1 cs=1]
                  RenderBlock {DIV} at (1,1) size 246x40
                    RenderBlock {DIV} at (0,0) size 246x0
                      RenderBlock {DIV} at (0,0) size 246x0
                    RenderBlock {DIV} at (0,0) size 246x40
                      RenderBlock (anonymous) at (0,0) size 246x20
                        RenderInline {SPAN} at (0,0) size 224x19
                          RenderText {#text} at (0,0) size 224x19
                            text run at (0,0) width 224: "alternative presentation button title"
                      RenderBlock {DIV} at (0,20) size 246x20
                        RenderText {#text} at (0,0) size 246x19
                          text run at (0,0) width 246: "alternative presentation button subtitle"
        RenderBlock {DIV} at (0,237) size 784x46
          RenderTable {TABLE} at (0,0) size 252x46
            RenderTableSection {TBODY} at (0,0) size 252x46
              RenderTableRow {TR} at (0,2) size 252x42
                RenderTableCell {TD} at (2,2) size 248x42 [r=0 c=0 rs=1 cs=1]
                  RenderBlock {DIV} at (1,1) size 246x40
                    RenderBlock {DIV} at (0,0) size 246x0
                      RenderBlock {DIV} at (0,0) size 246x0
                    RenderBlock {DIV} at (0,0) size 246x40
                      RenderBlock (anonymous) at (0,0) size 246x20
                        RenderInline {SPAN} at (0,0) size 224x19
                          RenderText {#text} at (0,0) size 224x19
                            text run at (0,0) width 224: "alternative presentation button title"
                      RenderBlock {DIV} at (0,20) size 246x20
                        RenderText {#text} at (0,0) size 246x19
                          text run at (0,0) width 246: "alternative presentation button subtitle"
        RenderBlock {P} at (0,299) size 784x40
          RenderBlock {DIV} at (0,0) size 784x40
            RenderBlock {DIV} at (0,0) size 784x0
              RenderBlock {DIV} at (0,0) size 784x0
            RenderBlock {DIV} at (0,0) size 784x40
              RenderBlock (anonymous) at (0,0) size 784x20
                RenderInline {SPAN} at (0,0) size 224x19
                  RenderText {#text} at (0,0) size 224x19
                    text run at (0,0) width 224: "alternative presentation button title"
              RenderBlock {DIV} at (0,20) size 784x20
                RenderText {#text} at (0,0) size 246x19
                  text run at (0,0) width 246: "alternative presentation button subtitle"
