layer at (0,0) size 800x600
  RenderView at (0,0) size 800x600
layer at (0,0) size 800x600
  RenderBlock {HTML} at (0,0) size 800x600
    RenderBody {BODY} at (8,8) size 784x584
      RenderBlock {P} at (0,0) size 784x51
        RenderText {#text} at (0,0) size 777x51
          text run at (0,0) width 738: "Test that spin buttons don't cover the value of input type number. On the GTK+ port, the width of the input field type"
          text run at (0,17) width 777: "number is incremented with the width of the spin button. The test passes if you see below the value of the 16 input numbers"
          text run at (0,34) width 258: "visible (from 1 to 8 and from 101 to 108)"
      RenderBlock (anonymous) at (0,67) size 784x310
        RenderBR {BR} at (0,0) size 0x17
        RenderBR {BR} at (0,17) size 0x17
        RenderTextControl {INPUT} at (0,34) size 82x34 [bgcolor=#FFFFFF] [border: (2px inset #000000)]
          RenderFlexibleBox {DIV} at (3,0) size 76x34
            RenderBlock {DIV} at (0,8) size 10x18
        RenderText {#text} at (82,42) size 4x17
          text run at (82,42) width 4: " "
        RenderTextControl {INPUT} at (86,34) size 82x34 [bgcolor=#FFFFFF]
          RenderFlexibleBox {DIV} at (1,0) size 80x34
            RenderBlock {DIV} at (0,8) size 14x18
        RenderText {#text} at (168,42) size 4x17
          text run at (168,42) width 4: " "
        RenderTextControl {INPUT} at (172,34) size 82x34 [bgcolor=#FF0000] [border: (2px inset #000000)]
          RenderFlexibleBox {DIV} at (3,0) size 76x34
            RenderBlock {DIV} at (0,8) size 10x18
        RenderText {#text} at (254,42) size 4x17
          text run at (254,42) width 4: " "
        RenderTextControl {INPUT} at (258,34) size 82x34 [bgcolor=#FFFFFF] [border: (2px dashed #000000)]
          RenderFlexibleBox {DIV} at (3,0) size 76x34
            RenderBlock {DIV} at (0,8) size 10x18
        RenderText {#text} at (340,42) size 4x17
          text run at (340,42) width 4: " "
        RenderBR {BR} at (344,56) size 0x0
        RenderBR {BR} at (0,68) size 0x17
        RenderTextControl {INPUT} at (0,85) size 166x100 [bgcolor=#FFFFFF] [border: (2px inset #000000)]
          RenderFlexibleBox {DIV} at (3,0) size 160x100
            RenderBlock {DIV} at (0,3) size 94x94
        RenderText {#text} at (166,165) size 4x17
          text run at (166,165) width 4: " "
        RenderTextControl {INPUT} at (170,87) size 166x100 [bgcolor=#FFFFFF]
          RenderFlexibleBox {DIV} at (1,0) size 164x100
            RenderBlock {DIV} at (0,1) size 98x98
        RenderText {#text} at (336,165) size 4x17
          text run at (336,165) width 4: " "
        RenderTextControl {INPUT} at (340,85) size 166x100 [bgcolor=#FF0000] [border: (2px inset #000000)]
          RenderFlexibleBox {DIV} at (3,0) size 160x100
            RenderBlock {DIV} at (0,3) size 94x94
        RenderText {#text} at (506,165) size 4x17
          text run at (506,165) width 4: " "
        RenderTextControl {INPUT} at (510,85) size 166x100 [bgcolor=#FFFFFF] [border: (2px dashed #000000)]
          RenderFlexibleBox {DIV} at (3,0) size 160x100
            RenderBlock {DIV} at (0,3) size 94x94
        RenderText {#text} at (676,165) size 4x17
          text run at (676,165) width 4: " "
        RenderBR {BR} at (680,179) size 0x0
        RenderBR {BR} at (0,187) size 0x17
        RenderTextControl {INPUT} at (0,204) size 114x34 [bgcolor=#FFFFFF] [border: (2px inset #000000)]
          RenderFlexibleBox {DIV} at (3,0) size 108x34
            RenderBlock {DIV} at (0,8) size 42x18
        RenderText {#text} at (114,212) size 4x17
          text run at (114,212) width 4: " "
        RenderTextControl {INPUT} at (118,204) size 114x34 [bgcolor=#FFFFFF]
          RenderFlexibleBox {DIV} at (1,0) size 112x34
            RenderBlock {DIV} at (0,8) size 46x18
        RenderText {#text} at (232,212) size 4x17
          text run at (232,212) width 4: " "
        RenderTextControl {INPUT} at (236,204) size 114x34 [bgcolor=#FF0000] [border: (2px inset #000000)]
          RenderFlexibleBox {DIV} at (3,0) size 108x34
            RenderBlock {DIV} at (0,8) size 42x18
        RenderText {#text} at (350,212) size 4x17
          text run at (350,212) width 4: " "
        RenderTextControl {INPUT} at (354,204) size 114x34 [bgcolor=#FFFFFF] [border: (2px dashed #000000)]
          RenderFlexibleBox {DIV} at (3,0) size 108x34
            RenderBlock {DIV} at (0,8) size 42x18
        RenderText {#text} at (468,212) size 4x17
          text run at (468,212) width 4: " "
        RenderBR {BR} at (472,226) size 0x0
        RenderBR {BR} at (0,238) size 0x17
        RenderTextControl {INPUT} at (2,257) size 113x34 [bgcolor=#FFFFFF] [border: (2px inset #000000)]
          RenderFlexibleBox {DIV} at (3,0) size 107x34
            RenderBlock {DIV} at (0,8) size 41x18
        RenderText {#text} at (117,265) size 4x17
          text run at (117,265) width 4: " "
        RenderTextControl {INPUT} at (121,257) size 131x34 [bgcolor=#FFFFFF] [border: (2px inset #000000)]
          RenderFlexibleBox {DIV} at (3,0) size 125x34
            RenderBlock {DIV} at (0,8) size 59x18
        RenderText {#text} at (252,265) size 4x17
          text run at (252,265) width 4: " "
        RenderTextControl {INPUT} at (256,257) size 131x34 [bgcolor=#FFFFFF] [border: (2px inset #000000)]
          RenderFlexibleBox {DIV} at (14,0) size 103x34
            RenderBlock {DIV} at (0,8) size 37x18
        RenderText {#text} at (387,265) size 4x17
          text run at (387,265) width 4: " "
        RenderTextControl {INPUT} at (391,257) size 131x34 [bgcolor=#FFFFFF] [border: (2px inset #000000)]
          RenderFlexibleBox {DIV} at (14,0) size 103x34
            RenderBlock {DIV} at (0,8) size 37x18
        RenderText {#text} at (522,265) size 4x17
          text run at (522,265) width 4: " "
        RenderBR {BR} at (526,279) size 0x0
        RenderBR {BR} at (0,293) size 0x17
layer at (11,118) size 10x17
  RenderBlock {DIV} at (0,0) size 10x17
    RenderText {#text} at (0,0) size 9x17
      text run at (0,0) width 9: "1"
layer at (95,118) size 14x17
  RenderBlock {DIV} at (0,0) size 14x17
    RenderText {#text} at (0,0) size 9x17
      text run at (0,0) width 9: "2"
layer at (183,118) size 10x17
  RenderBlock {DIV} at (0,0) size 10x17
    RenderText {#text} at (0,0) size 9x17
      text run at (0,0) width 9: "3"
layer at (269,118) size 10x17
  RenderBlock {DIV} at (0,0) size 10x17
    RenderText {#text} at (0,0) size 9x17
      text run at (0,0) width 9: "4"
layer at (11,163) size 94x94 scrollHeight 112
  RenderBlock {DIV} at (0,0) size 94x94
    RenderText {#text} at (0,0) size 56x112
      text run at (0,0) width 56: "5"
layer at (179,163) size 98x98 scrollHeight 112
  RenderBlock {DIV} at (0,0) size 98x98
    RenderText {#text} at (0,0) size 56x112
      text run at (0,0) width 56: "6"
layer at (351,163) size 94x94 scrollHeight 112
  RenderBlock {DIV} at (0,0) size 94x94
    RenderText {#text} at (0,0) size 56x112
      text run at (0,0) width 56: "7"
layer at (521,163) size 94x94 scrollHeight 112
  RenderBlock {DIV} at (0,0) size 94x94
    RenderText {#text} at (0,0) size 56x112
      text run at (0,0) width 56: "8"
layer at (11,288) size 42x17
  RenderBlock {DIV} at (0,0) size 42x17
    RenderText {#text} at (0,0) size 27x17
      text run at (0,0) width 27: "101"
layer at (127,288) size 46x17
  RenderBlock {DIV} at (0,0) size 46x17
    RenderText {#text} at (0,0) size 27x17
      text run at (0,0) width 27: "102"
layer at (247,288) size 42x17
  RenderBlock {DIV} at (0,0) size 42x17
    RenderText {#text} at (0,0) size 27x17
      text run at (0,0) width 27: "103"
layer at (365,288) size 42x17
  RenderBlock {DIV} at (0,0) size 42x17
    RenderText {#text} at (0,0) size 27x17
      text run at (0,0) width 27: "104"
layer at (13,341) size 41x17
  RenderBlock {DIV} at (0,0) size 41x17
    RenderText {#text} at (0,0) size 27x17
      text run at (0,0) width 27: "105"
layer at (132,341) size 59x17
  RenderBlock {DIV} at (0,0) size 59x17
    RenderText {#text} at (0,0) size 27x17
      text run at (0,0) width 27: "106"
layer at (278,341) size 37x17
  RenderBlock {DIV} at (0,0) size 37x17
    RenderText {#text} at (0,0) size 27x17
      text run at (0,0) width 27: "107"
layer at (413,341) size 37x17
  RenderBlock {DIV} at (0,0) size 37x17
    RenderText {#text} at (0,0) size 27x17
      text run at (0,0) width 27: "108"
layer at (21,109) size 66x34
  RenderBlock (relative positioned) {DIV} at (10,0) size 66x34
layer at (109,109) size 66x34
  RenderBlock (relative positioned) {DIV} at (14,0) size 66x34
layer at (193,109) size 66x34
  RenderBlock (relative positioned) {DIV} at (10,0) size 66x34
layer at (279,109) size 66x34
  RenderBlock (relative positioned) {DIV} at (10,0) size 66x34
layer at (105,193) size 66x34
  RenderBlock (relative positioned) {DIV} at (94,33) size 66x34
layer at (277,195) size 66x34
  RenderBlock (relative positioned) {DIV} at (98,33) size 66x34
layer at (445,193) size 66x34
  RenderBlock (relative positioned) {DIV} at (94,33) size 66x34
layer at (615,193) size 66x34
  RenderBlock (relative positioned) {DIV} at (94,33) size 66x34
layer at (53,279) size 66x34
  RenderBlock (relative positioned) {DIV} at (42,0) size 66x34
layer at (173,279) size 66x34
  RenderBlock (relative positioned) {DIV} at (46,0) size 66x34
layer at (289,279) size 66x34
  RenderBlock (relative positioned) {DIV} at (42,0) size 66x34
layer at (407,279) size 66x34
  RenderBlock (relative positioned) {DIV} at (42,0) size 66x34
layer at (54,332) size 66x34
  RenderBlock (relative positioned) {DIV} at (41,0) size 66x34
layer at (191,332) size 66x34
  RenderBlock (relative positioned) {DIV} at (59,0) size 66x34
layer at (315,332) size 66x34
  RenderBlock (relative positioned) {DIV} at (37,0) size 66x34
layer at (450,332) size 66x34
  RenderBlock (relative positioned) {DIV} at (37,0) size 66x34
